<testsuites name="results">
  <testsuite name="all" package="all">
    <property name="random_seed" value="1782380899" />
    <testcase name="test_direct_multipliers" classname="test_direct" file="D:\github\py\multiplierless\sim\test_direct.py" lineno="53" time="0.0075533390045166016" sim_time_ns="40.0" ratio_time="5295.67122249929" />
  </testsuite>
</testsuites>